Application failed on port 9090: Startup fails with an unrecoverable native module mismatch: bcrypt was built for a different Node.js ABI and nodemon reports the app crashed, so it will not become ready without rebuilding/reinstallin

Container logs:
app-1  | wait-for-it.sh: waiting 300 seconds for mysql-db:3306
app-1  | wait-for-it.sh: mysql-db:3306 is available after 7 seconds
app-1  | 
app-1  | up to date, audited 322 packages in 1s
app-1  | 
app-1  | 22 packages are looking for funding
app-1  |   run `npm fund` for details
app-1  | 
app-1  | 23 vulnerabilities (2 low, 4 moderate, 8 high, 9 critical)
app-1  | 
app-1  | To address all issues possible (including breaking changes), run:
app-1  |   npm audit fix --force
app-1  | 
app-1  | Some issues need review, and may require choosing
app-1  | a different dependency.
app-1  | 
app-1  | Run `npm audit` for details.
app-1  | [33m[nodemon] 3.1.14[39m
app-1  | [33m[nodemon] to restart at any time, enter `rs`[39m
app-1  | [33m[nodemon] watching path(s): *.*[39m
app-1  | [33m[nodemon] watching extensions: js,mjs,cjs,json[39m
app-1  | [32m[nodemon] starting `node server.js`[39m
app-1  | Wed, 27 May 2026 14:24:41 GMT sequelize deprecated String based operators are now deprecated. Please use Symbol based operators for better security, read more at http://docs.sequelizejs.com/manual/tutorial/querying.html#operators at node_modules/sequelize/lib/sequelize.js:245:13
app-1  | node:internal/modules/cjs/loader:1661
app-1  |   return process.dlopen(module, path.toNamespacedPath(filename));
app-1  |                  ^
app-1  | 
app-1  | Error: The module '/app/node_modules/bcrypt/lib/binding/bcrypt_lib.node'
app-1  | was compiled against a different Node.js version using
app-1  | NODE_MODULE_VERSION 57. This version of Node.js requires
app-1  | NODE_MODULE_VERSION 115. Please try re-compiling or re-installing
app-1  | the module (for instance, using `npm rebuild` or `npm install`).
app-1  |     at Module._extensions..node (node:internal/modules/cjs/loader:1661:18)
app-1  |     at Module.load (node:internal/modules/cjs/loader:1266:32)
app-1  |     at Module._load (node:internal/modules/cjs/loader:1091:12)
app-1  |     at Module.require (node:internal/modules/cjs/loader:1289:19)
app-1  |     at require (node:internal/modules/helpers:182:18)
app-1  |     at Object.<anonymous> (/app/node_modules/bcrypt/bcrypt.js:6:16)
app-1  |     at Module._compile (node:internal/modules/cjs/loader:1521:14)
app-1  |     at Module._extensions..js (node:internal/modules/cjs/loader:1623:10)
app-1  |     at Module.load (node:internal/modules/cjs/loader:1266:32)
app-1  |     at Module._load (node:internal/modules/cjs/loader:1091:12)
app-1  |     at Module.require (node:internal/modules/cjs/loader:1289:19)
app-1  |     at require (node:internal/modules/helpers:182:18)
app-1  |     at Object.<anonymous> (/app/core/passport.js:3:14)
app-1  |     at Module._compile (node:internal/modules/cjs/loader:1521:14)
app-1  |     at Module._extensions..js (node:internal/modules/cjs/loader:1623:10)
app-1  |     at Module.load (node:internal/modules/cjs/loader:1266:32)
app-1  |     at Module._load (node:internal/modules/cjs/loader:1091:12)
app-1  |     at Module.require (node:internal/modules/cjs/loader:1289:19)
app-1  |     at require (node:internal/modules/helpers:182:18)
app-1  |     at Object.<anonymous> (/app/server.js:12:1)
app-1  |     at Module._compile (node:internal/modules/cjs/loader:1521:14)
app-1  |     at Module._extensions..js (node:internal/modules/cjs/loader:1623:10) {
app-1  |   code: 'ERR_DLOPEN_FAILED'
app-1  | }
app-1  | 
app-1  | Node.js v20.20.2
app-1  | [31m[nodemon] app crashed - waiting for file changes before starting...[39m

Container diagnostics:
Port mappings:
9090/tcp -> 0.0.0.0:9090
9090/tcp -> [::]:9090

Network port config:
{"9090/tcp":[{"HostIp":"0.0.0.0","HostPort":"9090"},{"HostIp":"::","HostPort":"9090"}]}

Processes inside container:
OCI runtime exec failed: exec failed: unable to start container process: exec: "ps": executable file not found in $PATH

Container stdout/stderr (last 50 lines):
To address all issues possible (including breaking changes), run:
  npm audit fix --force

Some issues need review, and may require choosing
a different dependency.

Run `npm audit` for details.
[33m[nodemon] 3.1.14[39m
[33m[nodemon] to restart at any time, enter `rs`[39m
[33m[nodemon] watching path(s): *.*[39m
[33m[nodemon] watching extensions: js,mjs,cjs,json[39m
[32m[nodemon] starting `node server.js`[39m
Wed, 27 May 2026 14:24:41 GMT sequelize deprecated String based operators are now deprecated. Please use Symbol based operators for better security, read more at http://docs.sequelizejs.com/manual/tutorial/querying.html#operators at node_modules/sequelize/lib/sequelize.js:245:13
node:internal/modules/cjs/loader:1661
  return process.dlopen(module, path.toNamespacedPath(filename));
                 ^

Error: The module '/app/node_modules/bcrypt/lib/binding/bcrypt_lib.node'
was compiled against a different Node.js version using
NODE_MODULE_VERSION 57. This version of Node.js requires
NODE_MODULE_VERSION 115. Please try re-compiling or re-installing
the module (for instance, using `npm rebuild` or `npm install`).
    at Module._extensions..node (node:internal/modules/cjs/loader:1661:18)
    at Module.load (node:internal/modules/cjs/loader:1266:32)
    at Module._load (node:internal/modules/cjs/loader:1091:12)
    at Module.require (node:internal/modules/cjs/loader:1289:19)
    at require (node:internal/modules/helpers:182:18)
    at Object.<anonymous> (/app/node_modules/bcrypt/bcrypt.js:6:16)
    at Module._compile (node:internal/modules/cjs/loader:1521:14)
    at Module._extensions..js (node:internal/modules/cjs/loader:1623:10)
    at Module.load (node:internal/modules/cjs/loader:1266:32)
    at Module._load (node:internal/modules/cjs/loader:1091:12)
    at Module.require (node:internal/modules/cjs/loader:1289:19)
    at require (node:internal/modules/helpers:182:18)
    at Object.<anonymous> (/app/core/passport.js:3:14)
    at Module._compile (node:internal/modules/cjs/loader:1521:14)
    at Module._extensions..js (node:internal/modules/cjs/loader:1623:10)
    at Module.load (node:internal/modules/cjs/loader:1266:32)
    at Module._load (node:internal/modules/cjs/loader:1091:12)
    at Module.require (node:internal/modules/cjs/loader:1289:19)
    at require (node:internal/modules/helpers:182:18)
    at Object.<anonymous> (/app/server.js:12:1)
    at Module._compile (node:internal/modules/cjs/loader:1521:14)
    at Module._extensions..js (node:internal/modules/cjs/loader:1623:10) {
  code: 'ERR_DLOPEN_FAILED'
}

Node.js v20.20.2
[31m[nodemon] app crashed - waiting for file changes before starting...[39m